// Jest Snapshot v1, https://goo.gl/fbAQLP

exports[`WorkflowStatusItem matches the snapshot 1`] = `
<div>
  <div
    class="MuiPaper-root MuiPaper-elevation1 MuiCard-root makeStyles-activeCard-2 makeStyles-active-1 makeStyles-draftStatus-5 MuiPaper-rounded"
  >
    <div
      class="MuiCardContent-root makeStyles-content-8"
    >
      <span
        class="MuiTypography-root makeStyles-active-1 makeStyles-draftStatus-5 MuiTypography-overline"
      >
        test
      </span>
    </div>
    <div
      class="MuiCardContent-root makeStyles-content-8 makeStyles-caption-9"
    >
      <span
        class="MuiTypography-root MuiTypography-caption"
      />
    </div>
  </div>
</div>
`;
